Archive member included to satisfy reference by file (symbol)

d:\Electromic\business_card\StdPeriphDriver\libISP583.a(ISP583.o)
                              ./StdPeriphDriver/CH58x_flash.o (FLASH_EEPROM_CMD)
d:/mrs2/mounriver_studio2/resources/app/resources/win32/components/wch/toolchain/risc-v embedded gcc/bin/../lib/gcc/riscv-none-embed/8.2.0/../../../../riscv-none-embed/lib/rv32imac/ilp32\libg_nano.a(lib_a-printf.o)
                              ./StdPeriphDriver/CH58x_usb2hostClass.o (printf)
d:/mrs2/mounriver_studio2/resources/app/resources/win32/components/wch/toolchain/risc-v embedded gcc/bin/../lib/gcc/riscv-none-embed/8.2.0/../../../../riscv-none-embed/lib/rv32imac/ilp32\libg_nano.a(lib_a-putchar.o)
                              ./StdPeriphDriver/CH58x_usb2hostClass.o (putchar)
d:/mrs2/mounriver_studio2/resources/app/resources/win32/components/wch/toolchain/risc-v embedded gcc/bin/../lib/gcc/riscv-none-embed/8.2.0/../../../../riscv-none-embed/lib/rv32imac/ilp32\libg_nano.a(lib_a-puts.o)
                              ./StdPeriphDriver/CH58x_usb2hostBase.o (puts)
d:/mrs2/mounriver_studio2/resources/app/resources/win32/components/wch/toolchain/risc-v embedded gcc/bin/../lib/gcc/riscv-none-embed/8.2.0/../../../../riscv-none-embed/lib/rv32imac/ilp32\libg_nano.a(lib_a-wbuf.o)
                              d:/mrs2/mounriver_studio2/resources/app/resources/win32/components/wch/toolchain/risc-v embedded gcc/bin/../lib/gcc/riscv-none-embed/8.2.0/../../../../riscv-none-embed/lib/rv32imac/ilp32\libg_nano.a(lib_a-puts.o) (__swbuf_r)
d:/mrs2/mounriver_studio2/resources/app/resources/win32/components/wch/toolchain/risc-v embedded gcc/bin/../lib/gcc/riscv-none-embed/8.2.0/../../../../riscv-none-embed/lib/rv32imac/ilp32\libg_nano.a(lib_a-wsetup.o)
                              d:/mrs2/mounriver_studio2/resources/app/resources/win32/components/wch/toolchain/risc-v embedded gcc/bin/../lib/gcc/riscv-none-embed/8.2.0/../../../../riscv-none-embed/lib/rv32imac/ilp32\libg_nano.a(lib_a-puts.o) (__swsetup_r)
d:/mrs2/mounriver_studio2/resources/app/resources/win32/components/wch/toolchain/risc-v embedded gcc/bin/../lib/gcc/riscv-none-embed/8.2.0/../../../../riscv-none-embed/lib/rv32imac/ilp32\libg_nano.a(lib_a-fflush.o)
                              d:/mrs2/mounriver_studio2/resources/app/resources/win32/components/wch/toolchain/risc-v embedded gcc/bin/../lib/gcc/riscv-none-embed/8.2.0/../../../../riscv-none-embed/lib/rv32imac/ilp32\libg_nano.a(lib_a-wbuf.o) (_fflush_r)
d:/mrs2/mounriver_studio2/resources/app/resources/win32/components/wch/toolchain/risc-v embedded gcc/bin/../lib/gcc/riscv-none-embed/8.2.0/../../../../riscv-none-embed/lib/rv32imac/ilp32\libg_nano.a(lib_a-findfp.o)
                              d:/mrs2/mounriver_studio2/resources/app/resources/win32/components/wch/toolchain/risc-v embedded gcc/bin/../lib/gcc/riscv-none-embed/8.2.0/../../../../riscv-none-embed/lib/rv32imac/ilp32\libg_nano.a(lib_a-printf.o) (__sinit)
d:/mrs2/mounriver_studio2/resources/app/resources/win32/components/wch/toolchain/risc-v embedded gcc/bin/../lib/gcc/riscv-none-embed/8.2.0/../../../../riscv-none-embed/lib/rv32imac/ilp32\libg_nano.a(lib_a-fwalk.o)
                              d:/mrs2/mounriver_studio2/resources/app/resources/win32/components/wch/toolchain/risc-v embedded gcc/bin/../lib/gcc/riscv-none-embed/8.2.0/../../../../riscv-none-embed/lib/rv32imac/ilp32\libg_nano.a(lib_a-findfp.o) (_fwalk)
d:/mrs2/mounriver_studio2/resources/app/resources/win32/components/wch/toolchain/risc-v embedded gcc/bin/../lib/gcc/riscv-none-embed/8.2.0/../../../../riscv-none-embed/lib/rv32imac/ilp32\libg_nano.a(lib_a-impure.o)
                              d:/mrs2/mounriver_studio2/resources/app/resources/win32/components/wch/toolchain/risc-v embedded gcc/bin/../lib/gcc/riscv-none-embed/8.2.0/../../../../riscv-none-embed/lib/rv32imac/ilp32\libg_nano.a(lib_a-fflush.o) (_global_impure_ptr)
d:/mrs2/mounriver_studio2/resources/app/resources/win32/components/wch/toolchain/risc-v embedded gcc/bin/../lib/gcc/riscv-none-embed/8.2.0/../../../../riscv-none-embed/lib/rv32imac/ilp32\libg_nano.a(lib_a-makebuf.o)
                              d:/mrs2/mounriver_studio2/resources/app/resources/win32/components/wch/toolchain/risc-v embedded gcc/bin/../lib/gcc/riscv-none-embed/8.2.0/../../../../riscv-none-embed/lib/rv32imac/ilp32\libg_nano.a(lib_a-wsetup.o) (__smakebuf_r)
d:/mrs2/mounriver_studio2/resources/app/resources/win32/components/wch/toolchain/risc-v embedded gcc/bin/../lib/gcc/riscv-none-embed/8.2.0/../../../../riscv-none-embed/lib/rv32imac/ilp32\libg_nano.a(lib_a-memset.o)
                              d:/mrs2/mounriver_studio2/resources/app/resources/win32/components/wch/toolchain/risc-v embedded gcc/bin/../lib/gcc/riscv-none-embed/8.2.0/../../../../riscv-none-embed/lib/rv32imac/ilp32\libg_nano.a(lib_a-findfp.o) (memset)
[...]
Memory Configuration

Name             Origin             Length             Attributes
FLASH            0x0000000000000000 0x0000000000070000 xr
RAM              0x0000000020000000 0x0000000000008000 xrw
*default*        0x0000000000000000 0xffffffffffffffff

Linker script and memory map

LOAD ./src/Main.o
LOAD ./StdPeriphDriver/CH58x_clk.o
LOAD ./StdPeriphDriver/CH58x_flash.o
LOAD ./StdPeriphDriver/CH58x_gpio.o
LOAD ./StdPeriphDriver/CH58x_i2c.o
LOAD ./StdPeriphDriver/CH58x_pwr.o
LOAD ./StdPeriphDriver/CH58x_spi1.o
LOAD ./StdPeriphDriver/CH58x_sys.o
LOAD ./StdPeriphDriver/CH58x_uart0.o
LOAD ./StdPeriphDriver/CH58x_uart1.o
LOAD ./StdPeriphDriver/CH58x_usb2dev.o
LOAD ./StdPeriphDriver/CH58x_usb2hostBase.o
LOAD ./StdPeriphDriver/CH58x_usb2hostClass.o
LOAD ./Startup/startup_CH583.o
LOAD ./RVMSIS/core_riscv.o
LOAD d:\Electromic\business_card\StdPeriphDriver\libISP583.a
LOAD d:/mrs2/mounriver_studio2/resources/app/resources/win32/components/wch/toolchain/risc-v embedded gcc/bin/../lib/gcc/riscv-none-embed/8.2.0/../../../../riscv-none-embed/lib/rv32imac/ilp32\libm.a
LOAD d:/mrs2/mounriver_studio2/resources/app/resources/win32/components/wch/toolchain/risc-v embedded gcc/bin/../lib/gcc/riscv-none-embed/8.2.0/rv32imac/ilp32\libgcc.a
LOAD d:/mrs2/mounriver_studio2/resources/app/resources/win32/components/wch/toolchain/risc-v embedded gcc/bin/../lib/gcc/riscv-none-embed/8.2.0/../../../../riscv-none-embed/lib/rv32imac/ilp32\libg_nano.a
LOAD d:/mrs2/mounriver_studio2/resources/app/resources/win32/components/wch/toolchain/risc-v embedded gcc/bin/../lib/gcc/riscv-none-embed/8.2.0/../../../../riscv-none-embed/lib/rv32imac/ilp32\libc_nano.a
LOAD d:/mrs2/mounriver_studio2/resources/app/resources/win32/components/wch/toolchain/risc-v embedded gcc/bin/../lib/gcc/riscv-none-embed/8.2.0/rv32imac/ilp32\libgcc.a
START GROUP
LOAD d:/mrs2/mounriver_studio2/resources/app/resources/win32/components/wch/toolchain/risc-v embedded gcc/bin/../lib/gcc/riscv-none-embed/8.2.0/rv32imac/ilp32\libgcc.a
LOAD d:/mrs2/mounriver_studio2/resources/app/resources/win32/components/wch/toolchain/risc-v embedded gcc/bin/../lib/gcc/riscv-none-embed/8.2.0/../../../../riscv-none-embed/lib/rv32imac/ilp32\libc_nano.a
LOAD d:/mrs2/mounriver_studio2/resources/app/resources/win32/components/wch/toolchain/risc-v embedded gcc/bin/../lib/gcc/riscv-none-embed/8.2.0/../../../../riscv-none-embed/lib/rv32imac/ilp32\libnosys.a
END GROUP
START GROUP
LOAD d:/mrs2/mounriver_studio2/resources/app/resources/win32/components/wch/toolchain/risc-v embedded gcc/bin/../lib/gcc/riscv-none-embed/8.2.0/rv32imac/ilp32\libgcc.a
LOAD d:/mrs2/mounriver_studio2/resources/app/resources/win32/components/wch/toolchain/risc-v embedded gcc/bin/../lib/gcc/riscv-none-embed/8.2.0/../../../../riscv-none-embed/lib/rv32imac/ilp32\libc_nano.a
LOAD d:/mrs2/mounriver_studio2/resources/app/resources/win32/components/wch/toolchain/risc-v embedded gcc/bin/../lib/gcc/riscv-none-embed/8.2.0/../../../../riscv-none-embed/lib/rv32imac/ilp32\libnosys.a
END GROUP
                0x0000000000000200                __stack_size = 0x200
                [!provide]                        PROVIDE (_stack_size = __stack_size)

.init           0x0000000000000000        0x4
                0x0000000000000000                _sinit = .
                0x0000000000000000                . = ALIGN (0x4)
 *(SORT_NONE(.init))
 .init          0x0000000000000000        0x4 ./Startup/startup_CH583.o
                0x0000000000000000                _start
                0x0000000000000004                . = ALIGN (0x4)
                0x0000000000000004                _einit = .

.highcodelalign
                0x0000000000000004        0x0
                0x0000000000000004                . = ALIGN (0x4)
                0x0000000000000004                PROVIDE (_highcode_lma = .)

.highcode       0x0000000020000000      0x9a4 load address 0x0000000000000004
                0x0000000020000000                . = ALIGN (0x4)
                0x0000000020000000                PROVIDE (_highcode_vma_start = .)
 *(.vector)
 .vector        0x0000000020000000       0x90 ./Startup/startup_CH583.o
 *(SORT_NONE(.vector_handler))
 .vector_handler
                0x0000000020000090        0x2 ./Startup/startup_CH583.o
                0x0000000020000090                GPIOB_IRQHandler
                0x0000000020000090                GPIOA_IRQHandler
                0x0000000020000090                SysTick_Handler
                0x0000000020000090                NMI_Handler
                0x0000000020000090                UART1_IRQHandler
                0x0000000020000090                UART0_IRQHandler
                0x0000000020000090                BB_IRQHandler
                0x0000000020000090                Break_Point_Handler
                0x0000000020000090                TMR0_IRQHandler
                0x0000000020000090                Ecall_M_Mode_Handler
                0x0000000020000090                RTC_IRQHandler
                0x0000000020000090                UART2_IRQHandler
                0x0000000020000090                PWMX_IRQHandler
                0x0000000020000090                ADC_IRQHandler
                0x0000000020000090                TMR2_IRQHandler
                0x0000000020000090                I2C_IRQHandler
                0x0000000020000090                USB2_IRQHandler
                0x0000000020000090                LLE_IRQHandler
                0x0000000020000090                WDOG_BAT_IRQHandler
                0x0000000020000090                Ecall_U_Mode_Handler
                0x0000000020000090                TMR3_IRQHandler
                0x0000000020000090                SW_Handler
                0x0000000020000090                SPI0_IRQHandler
                0x0000000020000090                UART3_IRQHandler
                0x0000000020000090                TMR1_IRQHandler
 *(.highcode)
 .highcode      0x0000000020000092      0x4ec ./StdPeriphDriver/CH58x_sys.o
                0x0000000020000092                SetSysClock
                0x0000000020000418                SYS_ResetExecute
                0x000000002000048a                HardFault_Handler
                0x0000000020000548                mDelayuS
                0x0000000020000556                mDelaymS
 .highcode      0x000000002000057e      0x426 d:\Electromic\business_card\StdPeriphDriver\libISP583.a(ISP583.o)
                0x000000002000057e                FLASH_ROM_BEG
                0x0000000020000590                FLASH_ROM_END
                0x000000002000059e                FLASH_ROM_IN
                0x00000000200005ac                FLASH_ROM_OUT
                0x00000000200005ba                FLASH_ROM_ADDR
                0x0000000020000602                FLASH_ROM_WAIT
                0x000000002000063a                FLASH_EEPROM_CMD
 *(.highcode.*)
                0x00000000200009a4                . = ALIGN (0x4)
                0x00000000200009a4                PROVIDE (_highcode_vma_end = .)

.text           0x00000000000009a8      0x814
                0x00000000000009a8                . = ALIGN (0x4)
 *(SORT_NONE(.handle_reset))
 .handle_reset  0x00000000000009a8       0xde ./Startup/startup_CH583.o
                0x00000000000009a8                handle_reset
 *(.text)
 *(.text.*)
 .text.TK_Read.constprop.0
                0x0000000000000a86       0x42 ./src/Main.o
 .text.TK_Calib
                0x0000000000000ac8       0xa4 ./src/Main.o
                0x0000000000000ac8                TK_Calib
 .text.R8_Init  0x0000000000000b6c       0x22 ./src/Main.o
                0x0000000000000b6c                R8_Init
 .text.R8_Detect
                0x0000000000000b8e       0x6e ./src/Main.o
                0x0000000000000b8e                R8_Detect
 .text.MatrixScan
                0x0000000000000bfc      0x11c ./src/Main.o
                0x0000000000000bfc                MatrixScan
 .text.SendReport
                0x0000000000000d18      0x1b8 ./src/Main.o
                0x0000000000000d18                SendReport
 .text.startup.main
                0x0000000000000ed0       0xfc ./src/Main.o
                0x0000000000000ed0                main
 .text.USB_IRQHandler
                0x0000000000000fcc       0x26 ./src/Main.o
                0x0000000000000fcc                USB_IRQHandler
 .text.GPIOB_ModeCfg
                0x0000000000000ff2       0xa6 ./StdPeriphDriver/CH58x_gpio.o
                0x0000000000000ff2                GPIOB_ModeCfg
 .text.GPIOAGPPCfg
                0x0000000000001098       0x1a ./StdPeriphDriver/CH58x_gpio.o
                0x0000000000001098                GPIOAGPPCfg
 *(.rodata)
 *(.rodata*)
 *fill*         0x00000000000010b2        0x2 
 .rodata.FTab   0x00000000000010b4       0x38 ./src/Main.o
                0x00000000000010b4                FTab
 .rodata.KMap   0x00000000000010ec       0x60 ./src/Main.o
                0x00000000000010ec                KMap
 .rodata.KTab   0x000000000000114c       0x38 ./src/Main.o
                0x000000000000114c                KTab
 .rodata.row_pin
                0x0000000000001184       0x1c ./src/Main.o
                0x0000000000001184                row_pin
 .rodata.GPIOB_ModeCfg
                0x00000000000011a0       0x14 ./StdPeriphDriver/CH58x_gpio.o
 *(.sdata2.*)
 .sdata2.row_ch
                0x00000000000011b4        0x7 ./src/Main.o
                0x00000000000011b4                row_ch
 *(.glue_7)
 *(.glue_7t)
 *(.gnu.linkonce.t.*)
                0x00000000000011bc                . = ALIGN (0x4)
 *fill*         0x00000000000011bb        0x1 

.rela.dyn       0x00000000000011bc        0x0
 .rela.init     0x00000000000011bc        0x0 ./src/Main.o
 .rela.vector   0x00000000000011bc        0x0 ./src/Main.o
 .rela.handle_reset
                0x00000000000011bc        0x0 ./src/Main.o

.fini           0x00000000000011bc        0x0
 *(SORT_NONE(.fini))
                0x00000000000011bc                . = ALIGN (0x4)
                [!provide]                        PROVIDE (_etext = .)
                [!provide]                        PROVIDE (_eitcm = .)

.preinit_array  0x00000000000011bc        0x0
                [!provide]                        PROVIDE (__preinit_array_start = .)
 *(.preinit_array)
                [!provide]                        PROVIDE (__preinit_array_end = .)

.init_array     0x00000000000011bc        0x0
                [!provide]                        PROVIDE (__init_array_start = .)
 *(SORT_BY_INIT_PRIORITY(.init_array.*) SORT_BY_INIT_PRIORITY(.ctors.*))
 *(.init_array EXCLUDE_FILE(*crtend?.o *crtend.o *crtbegin?.o *crtbegin.o) .ctors)
                [!provide]                        PROVIDE (__init_array_end = .)

.fini_array     0x00000000000011bc        0x0
                [!provide]                        PROVIDE (__fini_array_start = .)
 *(SORT_BY_INIT_PRIORITY(.fini_array.*) SORT_BY_INIT_PRIORITY(.dtors.*))
 *(.fini_array EXCLUDE_FILE(*crtend?.o *crtend.o *crtbegin?.o *crtbegin.o) .dtors)
                [!provide]                        PROVIDE (__fini_array_end = .)

.ctors
 *crtbegin.o(.ctors)
 *crtbegin?.o(.ctors)
 *(EXCLUDE_FILE(*crtend?.o *crtend.o) .ctors)
 *(SORT_BY_NAME(.ctors.*))
 *(.ctors)

.dtors
 *crtbegin.o(.dtors)
 *crtbegin?.o(.dtors)
 *(EXCLUDE_FILE(*crtend?.o *crtend.o) .dtors)
 *(SORT_BY_NAME(.dtors.*))
 *(.dtors)

.dlalign        0x00000000000011bc        0x0
                0x00000000000011bc                . = ALIGN (0x4)
                0x00000000000011bc                PROVIDE (_data_lma = .)

.data           0x00000000200009a4        0x4 load address 0x00000000000011bc
                0x00000000200009a4                . = ALIGN (0x4)
                0x00000000200009a4                PROVIDE (_data_vma = .)
 *(.gnu.linkonce.r.*)
 *(.data .data.*)
 *(.gnu.linkonce.d.*)
                0x00000000200009a8                . = ALIGN (0x8)
 *fill*         0x00000000200009a4        0x4 
                0x00000000200011a8                PROVIDE (__global_pointer$ = (. + 0x800))
 *(.sdata .sdata.*)
 *(.gnu.linkonce.s.*)
                0x00000000200009a8                . = ALIGN (0x8)
 *(.srodata.cst16)
 *(.srodata.cst8)
 *(.srodata.cst4)
 *(.srodata.cst2)
 *(.srodata .srodata.*)
                0x00000000200009a8                . = ALIGN (0x4)
                0x00000000200009a8                PROVIDE (_edata = .)

.bss            0x00000000200009a8      0x228 load address 0x00000000000011bc
                0x00000000200009a8                . = ALIGN (0x4)
                0x00000000200009a8                PROVIDE (_sbss = .)
 *(.sbss*)
 .sbss.HIDKeyBuff
                0x00000000200009a8        0x8 ./src/Main.o
                0x00000000200009a8                HIDKeyBuff
 .sbss.HIDKeyBuffPrev
                0x00000000200009b0        0x8 ./src/Main.o
                0x00000000200009b0                HIDKeyBuffPrev
 .sbss.fn_pressed
                0x00000000200009b8        0x1 ./src/Main.o
                0x00000000200009b8                fn_pressed
 *fill*         0x00000000200009b9        0x3 
 .sbss.IRQ_STA  0x00000000200009bc        0x4 ./StdPeriphDriver/CH58x_sys.o
                0x00000000200009bc                IRQ_STA
 *(.gnu.linkonce.sb.*)
 *(.bss*)
 .bss.EP0_Databuf
                0x00000000200009c0       0xc0 ./src/Main.o
                0x00000000200009c0                EP0_Databuf
 .bss.EP1_Databuf
                0x0000000020000a80       0x80 ./src/Main.o
                0x0000000020000a80                EP1_Databuf
 .bss.key_prev  0x0000000020000b00       0x30 ./src/Main.o
                0x0000000020000b00                key_prev
 .bss.key_state
                0x0000000020000b30       0x30 ./src/Main.o
                0x0000000020000b30                key_state
 .bss.tkey_base
                0x0000000020000b60       0x70 ./src/Main.o
                0x0000000020000b60                tkey_base
 *(.gnu.linkonce.b.*)
 *(COMMON*)
                0x0000000020000bd0                . = ALIGN (0x4)
                0x0000000020000bd0                PROVIDE (_ebss = .)
                0x0000000020000bd0                PROVIDE (_end = _ebss)
                [!provide]                        PROVIDE (end = .)

.stack          0x0000000020007e00      0x200
                0x0000000020007e00                PROVIDE (_heap_end = .)
                0x0000000020007e00                . = ALIGN (0x4)
                [!provide]                        PROVIDE (_susrstack = .)
                0x0000000020008000                . = (. + __stack_size)
 *fill*         0x0000000020007e00      0x200 
                0x0000000020008000                PROVIDE (_eusrstack = .)
OUTPUT(CH582M.elf elf32-littleriscv)

.debug_info     0x0000000000000000     0x3f4a
 .debug_info    0x0000000000000000     0x1651 ./src/Main.o
 .debug_info    0x0000000000001651      0xe73 ./StdPeriphDriver/CH58x_gpio.o
 .debug_info    0x00000000000024c4     0x1a64 ./StdPeriphDriver/CH58x_sys.o
 .debug_info    0x0000000000003f28       0x22 ./Startup/startup_CH583.o

.debug_abbrev   0x0000000000000000      0xab6
 .debug_abbrev  0x0000000000000000      0x3d7 ./src/Main.o
 .debug_abbrev  0x00000000000003d7      0x268 ./StdPeriphDriver/CH58x_gpio.o
 .debug_abbrev  0x000000000000063f      0x465 ./StdPeriphDriver/CH58x_sys.o
 .debug_abbrev  0x0000000000000aa4       0x12 ./Startup/startup_CH583.o

.debug_loc      0x0000000000000000      0xde3
 .debug_loc     0x0000000000000000      0x3b0 ./src/Main.o
 .debug_loc     0x00000000000003b0      0x361 ./StdPeriphDriver/CH58x_gpio.o
 .debug_loc     0x0000000000000711      0x6d2 ./StdPeriphDriver/CH58x_sys.o

.debug_aranges  0x0000000000000000      0x160
 .debug_aranges
                0x0000000000000000       0x58 ./src/Main.o
 .debug_aranges
                0x0000000000000058       0x48 ./StdPeriphDriver/CH58x_gpio.o
 .debug_aranges
                0x00000000000000a0       0x90 ./StdPeriphDriver/CH58x_sys.o
 .debug_aranges
                0x0000000000000130       0x30 ./Startup/startup_CH583.o

.debug_ranges   0x0000000000000000      0x188
 .debug_ranges  0x0000000000000000       0x78 ./src/Main.o
 .debug_ranges  0x0000000000000078       0x38 ./StdPeriphDriver/CH58x_gpio.o
 .debug_ranges  0x00000000000000b0       0xb0 ./StdPeriphDriver/CH58x_sys.o
 .debug_ranges  0x0000000000000160       0x28 ./Startup/startup_CH583.o

.debug_line     0x0000000000000000     0x32a8
 .debug_line    0x0000000000000000      0xff7 ./src/Main.o
 .debug_line    0x0000000000000ff7      0x7c0 ./StdPeriphDriver/CH58x_gpio.o
 .debug_line    0x00000000000017b7     0x1952 ./StdPeriphDriver/CH58x_sys.o
 .debug_line    0x0000000000003109      0x19f ./Startup/startup_CH583.o

.debug_str      0x0000000000000000      0xf97
 .debug_str     0x0000000000000000      0xcbe ./src/Main.o
                                        0xd58 (size before relaxing)
 .debug_str     0x0000000000000cbe       0xeb ./StdPeriphDriver/CH58x_gpio.o
                                        0x9d0 (size before relaxing)
 .debug_str     0x0000000000000da9      0x1c7 ./StdPeriphDriver/CH58x_sys.o
                                        0xc94 (size before relaxing)
 .debug_str     0x0000000000000f70       0x27 ./Startup/startup_CH583.o
                                         0x47 (size before relaxing)

.comment        0x0000000000000000       0x33
 .comment       0x0000000000000000       0x33 ./src/Main.o
                                         0x34 (size before relaxing)
 .comment       0x0000000000000033       0x34 ./StdPeriphDriver/CH58x_gpio.o
 .comment       0x0000000000000033       0x34 ./StdPeriphDriver/CH58x_sys.o
 .comment       0x0000000000000033       0x34 d:\Electromic\business_card\StdPeriphDriver\libISP583.a(ISP583.o)

.debug_frame    0x0000000000000000      0x2ec
 .debug_frame   0x0000000000000000      0x158 ./src/Main.o
 .debug_frame   0x0000000000000158       0x70 ./StdPeriphDriver/CH58x_gpio.o
 .debug_frame   0x00000000000001c8      0x124 ./StdPeriphDriver/CH58x_sys.o

.stabstr        0x0000000000000000      0x117
 .stabstr       0x0000000000000000      0x117 d:/mrs2/mounriver_studio2/resources/app/resources/win32/components/wch/toolchain/risc-v embedded gcc/bin/../lib/gcc/riscv-none-embed/8.2.0/../../../../riscv-none-embed/lib/rv32imac/ilp32\libnosys.a(close.o)
